// Jest Snapshot v1, https://goo.gl/fbAQLP

exports[`Fetch Component should render Cities Component 1`] = `[Function]`;
